******************************************************************************
                  TI ARM Linker PC v20.2.7                     
******************************************************************************
>> Linked Fri Apr 12 18:51:46 2024

OUTPUT FILE NAME:   <HVAC_UN_HILO_ORG.out>
ENTRY POINT SYMBOL: "_c_int00"  address: 000044b1


MEMORY CONFIGURATION

         name            origin    length      used     unused   attr    fill
----------------------  --------  ---------  --------  --------  ----  --------
  MAIN                  00000000   00040000  000069be  00039642  R  X
  INFO                  00200000   00004000  00000000  00004000  R  X
  SRAM_CODE             01000000   00010000  00004e41  0000b1bf  RW X
  SRAM_DATA             20000000   00010000  00004e41  0000b1bf  RW  


SEGMENT ALLOCATION MAP

run origin  load origin   length   init length attrs members
----------  ----------- ---------- ----------- ----- -------
00000000    00000000    000069c8   000069c8    r-x
  00000000    00000000    0000003c   0000003c    r-- .resetVecs
  00000040    00000040    000062a2   000062a2    r-x .text
  000062e4    000062e4    00000500   00000500    r-- .const
  000067e8    000067e8    000001e0   000001e0    r-- .cinit
20000140    20000140    00000819   00000000    rw-
  20000140    20000140    00000480   00000000    rw- .data
  200005c0    200005c0    00000399   00000000    rw- .bss
20001000    20001000    000000e8   00000000    rw-
  20001000    20001000    000000e8   00000000    rw- .vtable
200010e8    200010e8    00004000   00000000    r--
  200010e8    200010e8    00004000   00000000    r-- .priheap
2000fc00    2000fc00    00000400   00000000    rw-
  2000fc00    2000fc00    00000400   00000000    rw- .stack


SECTION ALLOCATION MAP

 output                                  attributes/
section   page    origin      length       input sections
--------  ----  ----------  ----------   ----------------
.text      0    00000040    000062a2     
                  00000040    00000a4e     rtsv7M4_T_le_v4SPD16_eabi.lib : _printfi.c.obj (.text:__TI_printfi)
                  00000a8e    0000028a     msp432p4xx_driverlib.lib : pcm.o (.text:__PCM_setPowerStateAdvanced)
                  00000d18    00000270     rtsv7M4_T_le_v4SPD16_eabi.lib : _printfi.c.obj (.text:_pconv_a)
                  00000f88    000001f8     HVAC_IO.obj (.text:INT_UP_DOWN)
                  00001180    000001dc     HVAC_IO.obj (.text:HVAC_Menu)
                  0000135c    000001d0     rtsv7M4_T_le_v4SPD16_eabi.lib : _printfi.c.obj (.text:_pconv_g)
                  0000152c    000001b6                                   : fd_add_t2.asm.obj (.text)
                  000016e2    00000002     system_msp432p401r.obj (.text:Power_idleFunc)
                  000016e4    0000017c     HVAC_IO.obj (.text:HVAC_PrintState)
                  00001860    0000015c     msp432p4xx_driverlib.lib : pcm.o (.text:__PCM_setPowerModeAdvanced)
                  000019bc    0000013c     rtsv7M4_T_le_v4SPD16_eabi.lib : _printfi.c.obj (.text:_pconv_e)
                  00001af8    00000136                                   : fd_div_t2.asm.obj (.text)
                  00001c2e    00000002                                   : _lock.c.obj (.text:_nop)
                  00001c30    00000130     sysbios.aem4f : BIOS.obj (.text:ti_sysbios_knl_Semaphore_pend__E)
                  00001d60    00000124     rtsv7M4_T_le_v4SPD16_eabi.lib : _printfi.c.obj (.text:fcvt)
                  00001e84    00000110                                   : s_scalbn.c.obj (.text:scalbn)
                  00001f94    00000108     msp432p4xx_driverlib.lib : pcm.o (.text:__PCM_setCoreVoltageLevelAdvanced)
                  0000209c    00000004                              : cpu.o (.text:CPU_wfi)
                  000020a0    00000108     sysbios.aem4f : BIOS.obj (.text:ti_sysbios_knl_Task_postInit__I)
                  000021a8    00000108                   : BIOS.obj (.text:xdc_runtime_Startup_startMods__I)
                  000022b0    00000104                   : BIOS.obj (.text:ti_sysbios_knl_Task_Instance_finalize__E)
                  000023b4    000000fc     rtsv7M4_T_le_v4SPD16_eabi.lib : fd_mul_t2.asm.obj (.text)
                  000024b0    000000f8     sysbios.aem4f : BIOS.obj (.text:ti_sysbios_family_arm_msp432_init_Boot_configureClocksHigh)
                  000025a8    000000f0                   : BIOS.obj (.text:pthread_create)
                  00002698    000000f0                   : m3_Hwi_asm.obj (.text:ti_sysbios_family_arm_m3_Hwi_dispatch__I)
                  00002788    000000e4     HVAC_IO.obj (.text:INT_SWI)
                  0000286c    00000004     release_pem4f.oem4f (.text:ti_sysbios_family_arm_m3_TaskSupport_Module__startupDone__S)
                  00002870    000000e0     sysbios.aem4f : BIOS.obj (.text:ti_sysbios_knl_Task_Instance_init__E)
                  00002950    000000d8     HVAC_IO.obj (.text:HVAC_Enc_Apg_Ctrl)
                  00002a28    000000d0     sysbios.aem4f : BIOS.obj (.text:ti_sysbios_heaps_HeapMem_alloc__E)
                  00002af8    000000c8     system_msp432p401r.obj (.text:SystemInit)
                  00002bc0    000000c4     sysbios.aem4f : BIOS.obj (.text:ti_sysbios_knl_Task_sleep__E)
                  00002c84    000000b1     rtsv7M4_T_le_v4SPD16_eabi.lib : _printfi.c.obj (.text:_ltostr)
                  00002d35    00000001     --HOLE-- [fill = 0]
                  00002d36    00000002                                   : div0.asm.obj (.text)
                  00002d38    000000ac     HVAC_IO.obj (.text:HVAC_Enc_Apg_Check)
                  00002de4    00000002     release_pem4f.oem4f (.text:ti_sysbios_BIOS_nullFunc__I)
                  00002de6    00000002     --HOLE-- [fill = 0]
                  00002de8    000000aa     sysbios.aem4f : BIOS.obj (.text:xdc_runtime_Core_createObject__I)
                  00002e92    00000006     --HOLE-- [fill = 0]
                  00002e98    000000a8                   : BIOS.obj (.text:ti_sysbios_family_arm_msp432_Timer_periodicStub__E)
                  00002f40    000000a4     HVAC_IO.obj (.text:HVAC_InicialiceIO)
                  00002fe4    00000004     --HOLE-- [fill = 0]
                  00002fe8    000000a4     sysbios.aem4f : BIOS.obj (.text:ti_sysbios_knl_Task_setPri__E)
                  0000308c    000000a0     auto_init.aem4f : auto_init.oem4f (.text)
                  0000312c    0000009c     HVAC_IO.obj (.text:HVAC_ActualizarEntradas)
                  000031c8    0000009c     rtsv7M4_T_le_v4SPD16_eabi.lib : memcpy_t2.asm.obj (.text)
                  00003264    00000096                                   : ull_div_t2.asm.obj (.text)
                  000032fa    00000006     --HOLE-- [fill = 0]
                  00003300    00000094     sysbios.aem4f : BIOS.obj (.text:_pthread_removeThreadKeys)
                  00003394    00000004     --HOLE-- [fill = 0]
                  00003398    00000094                   : BIOS.obj (.text:ti_sysbios_family_arm_m3_Hwi_initNVIC__E)
                  0000342c    00000004     --HOLE-- [fill = 0]
                  00003430    00000094                   : BIOS.obj (.text:ti_sysbios_knl_Task_exit__E)
                  000034c4    00000090     GPIO_MSP432.obj (.text:GPIO_setOutput)
                  00003554    00000004     --HOLE-- [fill = 0]
                  00003558    00000090     sysbios.aem4f : BIOS.obj (.text:ti_sysbios_knl_Task_Module_startup__E)
                  000035e8    0000008c                   : m3_TaskSupport_asm.obj (.text:ti_sysbios_family_arm_m3_TaskSupport_buildTaskStack)
                  00003674    00000004     --HOLE-- [fill = 0]
                  00003678    0000008c                   : BIOS.obj (.text:xdc_runtime_Memory_alloc__E)
                  00003704    00000086     rtsv7M4_T_le_v4SPD16_eabi.lib : fd_cmp_t2.asm.obj (.text:__aeabi_cdcmple)
                  0000378a    00000086                                   : fd_cmp_t2.asm.obj (.text:__aeabi_cdrcmple)
                  00003810    00000086     sysbios.aem4f : BIOS.obj (.text:xdc_runtime_Core_constructObject__I)
                  00003896    00000002     --HOLE-- [fill = 0]
                  00003898    00000084     msp432p4xx_driverlib.lib : pcm.o (.text:PCM_gotoLPM3)
                  0000391c    00000004     --HOLE-- [fill = 0]
                  00003920    00000084     sysbios.aem4f : BIOS.obj (.text:ti_sysbios_family_arm_m3_Hwi_postInit__I)
                  000039a4    00000004     --HOLE-- [fill = 0]
                  000039a8    00000084                   : BIOS.obj (.text:ti_sysbios_heaps_HeapMem_free__E)
                  00003a2c    00000080     INT_MSP432.obj (.text:Int_enableInterrupt)
                  00003aac    00000004     --HOLE-- [fill = 0]
                  00003ab0    00000080     sysbios.aem4f : BIOS.obj (.text:ti_sysbios_knl_Clock_workFunc__E)
                  00003b30    0000007a     rtsv7M4_T_le_v4SPD16_eabi.lib : memset_t2.asm.obj (.text)
                  00003baa    00000006     --HOLE-- [fill = 0]
                  00003bb0    00000070     sysbios.aem4f : BIOS.obj (.text:ti_sysbios_heaps_HeapMem_initPrimary__I)
                  00003c20    0000006e     rtsv7M4_T_le_v4SPD16_eabi.lib : _printfi.c.obj (.text:_mcpy)
                  00003c8e    00000002     --HOLE-- [fill = 0]
                  00003c90    0000006c     HVAC_Thread.obj (.text:HVAC_Thread)
                  00003cfc    00000004     --HOLE-- [fill = 0]
                  00003d00    0000006c     sysbios.aem4f : BIOS.obj (.text:ti_sysbios_knl_Swi_restoreHwi__E)
                  00003d6c    00000068     GPIO_MSP432.obj (.text:GPIO_init_board)
                  00003dd4    00000068     UART_MSP432.obj (.text:UART_init)
                  00003e3c    00000068     rtsv7M4_T_le_v4SPD16_eabi.lib : copy_decompress_lzss.c.obj (.text:decompress:lzss:__TI_decompress_lzss)
                  00003ea4    00000004     --HOLE-- [fill = 0]
                  00003ea8    00000066     sysbios.aem4f : BIOS.obj (.text:xdc_runtime_Core_deleteObject__I)
                  00003f0e    00000002     --HOLE-- [fill = 0]
                  00003f10    00000064     rtsv7M4_T_le_v4SPD16_eabi.lib : s_frexp.c.obj (.text:frexp)
                  00003f74    00000064     Threads.obj (.text:main)
                  00003fd8    00000064     sysbios.aem4f : BIOS.obj (.text:pthread_exit)
                  0000403c    00000004     --HOLE-- [fill = 0]
                  00004040    00000064                   : BIOS.obj (.text:ti_sysbios_family_arm_m3_Hwi_dispatchC__I)
                  000040a4    00000004     --HOLE-- [fill = 0]
                  000040a8    00000060                   : BIOS.obj (.text:ti_sysbios_knl_Semaphore_post__E)
                  00004108    00000060                   : BIOS.obj (.text:ti_sysbios_knl_Swi_run__I)
                  00004168    00000060     release_pem4f.oem4f (.text:ti_sysbios_knl_Task_create)
                  000041c8    0000005e     msp432p4xx_driverlib.lib : pcm.o (.text:PCM_getCoreVoltageLevel)
                  00004226    00000002     --HOLE-- [fill = 0]
                  00004228    0000005c     INT_MSP432.obj (.text:Int_registerInterrupt)
                  00004284    00000004     --HOLE-- [fill = 0]
                  00004288    0000005c     sysbios.aem4f : BIOS.obj (.text:ti_sysbios_knl_Swi_schedule__I)
                  000042e4    00000004     --HOLE-- [fill = 0]
                  000042e8    0000005c                   : BIOS.obj (.text:ti_sysbios_knl_Task_startCore__E)
                  00004344    00000004     --HOLE-- [fill = 0]
                  00004348    0000005c                   : BIOS.obj (.text:xdc_runtime_Startup_exec__E)
                  000043a4    0000005a     msp432p4xx_driverlib.lib : pcm.o (.text:PCM_getPowerMode)
                  000043fe    00000002     --HOLE-- [fill = 0]
                  00004400    00000058     UART_MSP432.obj (.text:UART_clck_source)
                  00004458    00000058     UART_MSP432.obj (.text:UART_set_baud_rate)
                  000044b0    00000058     boot.aem4f : boot.oem4f (.text)
                  00004508    00000058     sysbios.aem4f : m3_Hwi_asm_switch.obj (.text:ti_sysbios_family_arm_m3_Hwi_initStacks__E)
                  00004560    00000056     rtsv7M4_T_le_v4SPD16_eabi.lib : _printfi.c.obj (.text:_pconv_f)
                  000045b6    00000002     --HOLE-- [fill = 0]
                  000045b8    00000054     msp432p4xx_driverlib.lib : pcm.o (.text:PCM_shutdownDevice)
                  0000460c    00000054     rtsv7M4_T_le_v4SPD16_eabi.lib : _ltoa.c.obj (.text:__TI_ltoa)
                  00004660    00000054     sysbios.aem4f : BIOS.obj (.text:ti_sysbios_family_arm_msp432_Timer_initDevice__I)
                  000046b4    00000052     rtsv7M4_T_le_v4SPD16_eabi.lib : _printfi.c.obj (.text:_ecpy)
                  00004706    00000002     --HOLE-- [fill = 0]
                  00004708    00000050     sysbios.aem4f : BIOS.obj (.text:ti_sysbios_family_arm_m3_Hwi_Module_startup__E)
                  00004758    0000004c     rtsv7M4_T_le_v4SPD16_eabi.lib : atoi.c.obj (.text:atoi)
                  000047a4    0000004c                                   : cpy_tbl.c.obj (.text:copy_in)
                  000047f0    0000004c     sysbios.aem4f : BIOS.obj (.text:ti_sysbios_family_arm_msp432_Timer_postInit__I)
                  0000483c    00000004     --HOLE-- [fill = 0]
                  00004840    0000004c                   : BIOS.obj (.text:ti_sysbios_family_arm_msp432_Timer_start__E)
                  0000488c    00000004     --HOLE-- [fill = 0]
                  00004890    0000004c                   : BIOS.obj (.text:ti_sysbios_heaps_HeapMem_getStats__E)
                  000048dc    00000004     --HOLE-- [fill = 0]
                  000048e0    0000004c                   : BIOS.obj (.text:ti_sysbios_knl_Swi_runLoop__I)
                  0000492c    00000004     --HOLE-- [fill = 0]
                  00004930    0000004c                   : BIOS.obj (.text:ti_sysbios_knl_Task_allBlockedFunction__I)
                  0000497c    00000004     --HOLE-- [fill = 0]
                  00004980    0000004c                   : BIOS.obj (.text:ti_sysbios_knl_Task_schedule__I)
                  000049cc    00000048     rtsv7M4_T_le_v4SPD16_eabi.lib : fd_toi_t2.asm.obj (.text)
                  00004a14    00000004     --HOLE-- [fill = 0]
                  00004a18    00000048     sysbios.aem4f : BIOS.obj (.text:ti_sysbios_family_arm_m3_Hwi_enableInterrupt__E)
                  00004a60    00000048                   : BIOS.obj (.text:ti_sysbios_knl_Mailbox_Module_startup__E)
                  00004aa8    00000048                   : BIOS.obj (.text:xdc_runtime_Core_assignParams__I)
                  00004af0    00000044                   : BIOS.obj (.text:ti_sysbios_family_arm_m3_Hwi_getStackInfo__E)
                  00004b34    00000004     --HOLE-- [fill = 0]
                  00004b38    00000044                   : BIOS.obj (.text:ti_sysbios_knl_Swi_post__E)
                  00004b7c    00000040     HVAC_IO.obj (.text:HVAC_InicialiceADC)
                  00004bbc    00000040     rtsv7M4_T_le_v4SPD16_eabi.lib : sprintf.c.obj (.text:sprintf)
                  00004bfc    00000004     --HOLE-- [fill = 0]
                  00004c00    00000040     sysbios.aem4f : BIOS.obj (.text:ti_sysbios_family_arm_msp432_Timer_Module_startup__E)
                  00004c40    00000040                   : BIOS.obj (.text:ti_sysbios_family_arm_msp432_Timer_startup__E)
                  00004c80    00000040     release_pem4f.oem4f (.text:ti_sysbios_gates_GateHwi_Object__create__S)
                  00004cc0    00000040     release_pem4f.oem4f (.text:ti_sysbios_gates_GateMutex_Object__create__S)
                  00004d00    00000040     sysbios.aem4f : BIOS.obj (.text:ti_sysbios_heaps_HeapMem_Instance_init__E)
                  00004d40    00000040     release_pem4f.oem4f (.text:ti_sysbios_heaps_HeapMem_Object__create__S)
                  00004d80    0000003e     rtsv7M4_T_le_v4SPD16_eabi.lib : _printfi.c.obj (.text:_fcpy)
                  00004dbe    00000002     --HOLE-- [fill = 0]
                  00004dc0    0000003c     ADC_MSP432.obj (.text:ADC_Initialize)
                  00004dfc    0000003c     GPIO_MSP432.obj (.text:GPIO_interruptEdgeSelect)
                  00004e38    0000003c     sysbios.aem4f : BIOS.obj (.text:ti_sysbios_family_arm_msp432_Seconds_Module_startup__E)
                  00004e74    00000004     --HOLE-- [fill = 0]
                  00004e78    0000003c                   : BIOS.obj (.text:ti_sysbios_knl_Swi_restore__E)
                  00004eb4    00000004     --HOLE-- [fill = 0]
                  00004eb8    0000003c                   : BIOS.obj (.text:usleep)
                  00004ef4    00000038     rtsv7M4_T_le_v4SPD16_eabi.lib : fs_tod_t2.asm.obj (.text)
                  00004f2c    00000038     release_pem4f.oem4f (.text:ti_sysbios_knl_Clock_doTick__I)
                  00004f64    00000004     --HOLE-- [fill = 0]
                  00004f68    00000038     sysbios.aem4f : BIOS.obj (.text:xdc_runtime_System_atexit__E)
                  00004fa0    00000034     HVAC_Thread.obj (.text:Delay_ms)
                  00004fd4    00000034     UART_MSP432.obj (.text:UART_sendByte)
                  00005008    00000034     UART_MSP432.obj (.text:UART_set_parity)
                  0000503c    00000034     release_pem4f.oem4f (.text:ti_sysbios_knl_Semaphore_construct)
                  00005070    00000032     sysbios.aem4f : BIOS.obj (.text:ti_sysbios_hal_Hwi_initStack)
                  000050a2    00000002     --HOLE-- [fill = 0]
                  000050a4    00000030     GPIO_MSP432.obj (.text:GPIO_getInputPinValue)
                  000050d4    00000030     UART_MSP432.obj (.text:UART_set_location_pin)
                  00005104    00000030     release_pem4f.oem4f (.text:ti_sysbios_BIOS_atExitFunc__I)
                  00005134    00000030     release_pem4f.oem4f (.text:ti_sysbios_BIOS_rtsLock__I)
                  00005164    00000030     release_pem4f.oem4f (.text:ti_sysbios_BIOS_startFunc__I)
                  00005194    00000030     release_pem4f.oem4f (.text:ti_sysbios_family_arm_m3_Hwi_Object__get__S)
                  000051c4    00000004     --HOLE-- [fill = 0]
                  000051c8    00000030     sysbios.aem4f : BIOS.obj (.text:ti_sysbios_family_arm_m3_TaskSupport_start__E)
                  000051f8    00000030                   : BIOS.obj (.text:ti_sysbios_gates_GateMutex_enter__E)
                  00005228    00000030     release_pem4f.oem4f (.text:ti_sysbios_heaps_HeapMem_Object__get__S)
                  00005258    00000030     sysbios.aem4f : BIOS.obj (.text:ti_sysbios_knl_Mailbox_postInit__I)
                  00005288    00000030     release_pem4f.oem4f (.text:ti_sysbios_knl_Queue_construct)
                  000052b8    00000030     sysbios.aem4f : BIOS.obj (.text:ti_sysbios_knl_Semaphore_pendTimeout__I)
                  000052e8    00000030     release_pem4f.oem4f (.text:ti_sysbios_knl_Swi_Object__get__S)
                  00005318    00000030     sysbios.aem4f : BIOS.obj (.text:ti_sysbios_knl_Task_processVitalTaskFlag__I)
                  00005348    00000030                   : BIOS.obj (.text:ti_sysbios_knl_Task_restore__E)
                  00005378    00000030                   : BIOS.obj (.text:ti_sysbios_knl_Task_unblockI__E)
                  000053a8    00000030                   : BIOS.obj (.text:xdc_runtime_System_processAtExit__E)
                  000053d8    0000002e                   : BIOS.obj (.text:pthread_setcancelstate)
                  00005406    0000002e     rtsv7M4_T_le_v4SPD16_eabi.lib : i_tofd_t2.asm.obj (.text)
                  00005434    0000002c     msp432p4xx_driverlib.lib : rtc_c.o (.text:RTC_C_holdClock)
                  00005460    0000002c     sysbios.aem4f : BIOS.obj (.text:_pthread_cleanupFxn)
                  0000548c    00000004     --HOLE-- [fill = 0]
                  00005490    0000002c                   : BIOS.obj (.text:_pthread_delete$43)
                  000054bc    0000002c     release_pem4f.oem4f (.text:ti_sysbios_BIOS_rtsUnlock__I)
                  000054e8    0000002c     release_pem4f.oem4f (.text:ti_sysbios_gates_GateHwi_Handle__label__S)
                  00005514    0000002c     release_pem4f.oem4f (.text:ti_sysbios_gates_GateMutex_Handle__label__S)
                  00005540    0000002c     release_pem4f.oem4f (.text:ti_sysbios_heaps_HeapMem_Handle__label__S)
                  0000556c    0000002c     release_pem4f.oem4f (.text:ti_sysbios_knl_Semaphore_Params__init__S)
                  00005598    0000002c     release_pem4f.oem4f (.text:ti_sysbios_knl_Task_Object__get__S)
                  000055c4    0000002c     release_pem4f.oem4f (.text:ti_sysbios_knl_Task_Params__init__S)
                  000055f0    00000028     msp432p4xx_driverlib.lib : pcm.o (.text:PCM_gotoLPM0)
                  00005618    00000028     sysbios.aem4f : m3_Hwi_asm.obj (.text:ti_sysbios_family_arm_m3_Hwi_excHandlerAsm__I)
                  00005640    00000028     release_pem4f.oem4f (.text:ti_sysbios_gates_GateMutex_Object__delete__S)
                  00005668    00000028     sysbios.aem4f : BIOS.obj (.text:ti_sysbios_knl_Clock_addI__E)
                  00005690    00000028                   : BIOS.obj (.text:ti_sysbios_knl_Swi_Module_startup__E)
                  000056b8    00000028     release_pem4f.oem4f (.text:ti_sysbios_knl_Task_Object__delete__S)
                  000056e0    00000026     sysbios.aem4f : m3_Hwi_asm.obj (.text:ti_sysbios_family_arm_m3_Hwi_pendSV__I)
                  00005706    00000002     --HOLE-- [fill = 0]
                  00005708    00000024     TIMER32_MSP432.obj (.text:T32_Configure1)
                  0000572c    00000024     UART_MSP432.obj (.text:UART_putsf)
                  00005750    00000024     msp432p4xx_driverlib.lib : wdt_a.o (.text:WDT_A_holdTimer)
                  00005774    00000004     --HOLE-- [fill = 0]
                  00005778    00000024     sysbios.aem4f : BIOS.obj (.text:pthread_attr_init)
                  0000579c    00000024     release_pem4f.oem4f (.text:ti_sysbios_BIOS_registerRTSLock__I)
                  000057c0    00000024     release_pem4f.oem4f (.text:ti_sysbios_gates_GateHwi_Object__delete__S)
                  000057e4    00000024     release_pem4f.oem4f (.text:ti_sysbios_heaps_HeapMem_Object__delete__S)
                  00005808    00000024     sysbios.aem4f : BIOS.obj (.text:ti_sysbios_knl_Clock_Module_startup__E)
                  0000582c    00000004     --HOLE-- [fill = 0]
                  00005830    00000024                   : BIOS.obj (.text:ti_sysbios_knl_Semaphore_Instance_init__E)
                  00005854    00000004     --HOLE-- [fill = 0]
                  00005858    00000024                   : BIOS.obj (.text:ti_sysbios_knl_Task_restoreHwi__E)
                  0000587c    00000004     --HOLE-- [fill = 0]
                  00005880    00000024                   : BIOS.obj (.text:xdc_runtime_Error_policyMin__E)
                  000058a4    00000020     ADC_MSP432.obj (.text:ADC_ConfigurePinChannel)
                  000058c4    00000020     release_pem4f.oem4f (.text:ti_sysbios_BIOS_removeRTSLock__I)
                  000058e4    00000004     --HOLE-- [fill = 0]
                  000058e8    00000020     sysbios.aem4f : BIOS.obj (.text:ti_sysbios_knl_Idle_run__E)
                  00005908    00000020     release_pem4f.oem4f (.text:ti_sysbios_knl_Mailbox_Object__get__S)
                  00005928    00000020     release_pem4f.oem4f (.text:ti_sysbios_knl_Semaphore_destruct)
                  00005948    00000020     release_pem4f.oem4f (.text:ti_sysbios_rts_ti_ReentSupport_getTlsAddr__I)
                  00005968    00000020     release_pem4f.oem4f (.text:xdc_runtime_IHeap_alloc)
                  00005988    0000001e     sysbios.aem4f : m3_Hwi_asm_switch.obj (.text:ti_sysbios_family_xxx_Hwi_switchAndRunFunc)
                  000059a6    0000001e     release_pem4f.oem4f (.text:ti_sysbios_knl_Task_SupportProxy_start__E)
                  000059c4    0000001e     release_pem4f.oem4f (.text:xdc_runtime_Memory_HeapProxy_alloc__E)
                  000059e2    00000002     --HOLE-- [fill = 0]
                  000059e4    0000001c     ADC_MSP432.obj (.text:ADC_SetEndOfSequenceChannel)
                  00005a00    0000001c     ADC_MSP432.obj (.text:ADC_SetStartOfSequenceChannel)
                  00005a1c    0000001c     ADC_MSP432.obj (.text:ADC_result)
                  00005a38    0000001c     HVAC_IO.obj (.text:System_InicialiceTIMER)
                  00005a54    0000001c     HVAC_Thread.obj (.text:Timer32_INT1)
                  00005a70    0000001c     rtsv7M4_T_le_v4SPD16_eabi.lib : memccpy.c.obj (.text:memccpy)
                  00005a8c    0000001c     release_pem4f.oem4f (.text:ti_sysbios_family_arm_m3_Hwi_Module__startupDone__F)
                  00005aa8    0000001c     sysbios.aem4f : BIOS.obj (.text:ti_sysbios_family_arm_m3_Hwi_excHandler__I)
                  00005ac4    0000001c     release_pem4f.oem4f (.text:ti_sysbios_family_arm_msp432_Timer_Module__startupDone__F)
                  00005ae0    0000001c     sysbios.aem4f : BIOS.obj (.text:ti_sysbios_gates_GateMutex_Instance_init__E)
                  00005afc    0000001c     release_pem4f.oem4f (.text:ti_sysbios_knl_Queue_Object__get__S)
                  00005b18    0000001c     release_pem4f.oem4f (.text:ti_sysbios_knl_Queue_destruct)
                  00005b34    00000004     --HOLE-- [fill = 0]
                  00005b38    0000001c     sysbios.aem4f : BIOS.obj (.text:ti_sysbios_knl_Queue_put__E)
                  00005b54    00000004     --HOLE-- [fill = 0]
                  00005b58    0000001c                   : BIOS.obj (.text:ti_sysbios_knl_Task_enter__I)
                  00005b74    00000004     --HOLE-- [fill = 0]
                  00005b78    0000001c                   : BIOS.obj (.text:ti_sysbios_rts_ti_ReentSupport_getReent__F)
                  00005b94    00000004     --HOLE-- [fill = 0]
                  00005b98    0000001c                   : BIOS.obj (.text:xdc_runtime_Memory_valloc__E)
                  00005bb4    0000001c     release_pem4f.oem4f (.text:xdc_runtime_Startup_exec__I)
                  00005bd0    0000001c     sysbios.aem4f : BIOS.obj (.text:xdc_runtime_System_abort__E)
                  00005bec    0000001a     rtsv7M4_T_le_v4SPD16_eabi.lib : s_copysign.c.obj (.text:copysign)
                  00005c06    0000001a     release_pem4f.oem4f (.text:xdc_runtime_IHeap_free)
                  00005c20    00000018     release_pem4f.oem4f (.text:.bootCodeSection:ti_sysbios_family_arm_msp432_init_Boot_init__I)
                  00005c38    00000018     ADC_MSP432.obj (.text:ADC_SetConvertionMode)
                  00005c50    00000018     ADC_MSP432.obj (.text:ADC_trigger)
                  00005c68    00000018     UART_MSP432.obj (.text:UART_B_char_IE)
                  00005c80    00000018     UART_MSP432.obj (.text:UART_E_char_IE)
                  00005c98    00000018     UART_MSP432.obj (.text:UART_data_bits)
                  00005cb0    00000018     UART_MSP432.obj (.text:UART_mode)
                  00005cc8    00000018     UART_MSP432.obj (.text:UART_set_oversampling)
                  00005ce0    00000018     UART_MSP432.obj (.text:UART_set_stop_bits)
                  00005cf8    00000018     UART_MSP432.obj (.text:UART_set_transmision_dir)
                  00005d10    00000018     rtsv7M4_T_le_v4SPD16_eabi.lib : args_main.c.obj (.text:_args_main)
                  00005d28    00000018                                   : sprintf.c.obj (.text:_outs)
                  00005d40    00000018     sysbios.aem4f : m3_TaskSupport_asm.obj (.text:ti_sysbios_family_arm_m3_TaskSupport_swap__E)
                  00005d58    00000018                   : BIOS.obj (.text:ti_sysbios_gates_GateMutex_leave__E)
                  00005d70    00000018                   : BIOS.obj (.text:ti_sysbios_knl_Task_sleepTimeout__I)
                  00005d88    00000018                   : BIOS.obj (.text:xdc_runtime_Error_init__E)
                  00005da0    00000018                   : BIOS.obj (.text:xdc_runtime_System_exit__E)
                  00005db8    00000016     UART_MSP432.obj (.text:UART_den)
                  00005dce    00000016     UART_MSP432.obj (.text:UART_en)
                  00005de4    00000016     rtsv7M4_T_le_v4SPD16_eabi.lib : strchr.c.obj (.text:strchr)
                  00005dfa    00000016     release_pem4f.oem4f (.text:ti_sysbios_BIOS_exitFunc__I)
                  00005e10    00000016     sysbios.aem4f : BIOS.obj (.text:ti_sysbios_knl_Task_unblock__E)
                  00005e26    00000002     --HOLE-- [fill = 0]
                  00005e28    00000014     msp432p4xx_driverlib.lib : pcm.o (.text:PCM_getPowerState)
                  00005e3c    00000014     TIMER32_MSP432.obj (.text:T32_SetLoadValue1)
                  00005e50    00000014     sysbios.aem4f : BIOS.obj (.text:pthread_attr_setschedparam)
                  00005e64    00000014     rtsv7M4_T_le_v4SPD16_eabi.lib : strlen.c.obj (.text:strlen)
                  00005e78    00000014     sysbios.aem4f : BIOS.obj (.text:ti_sysbios_family_arm_m3_Hwi_switchFromBootStack__E)
                  00005e8c    00000014     release_pem4f.oem4f (.text:ti_sysbios_hal_Hwi_HwiProxy_getStackInfo__E)
                  00005ea0    00000014     release_pem4f.oem4f (.text:ti_sysbios_knl_Clock_Module_State_clockQ)
                  00005eb4    00000014     release_pem4f.oem4f (.text:xdc_runtime_Memory_HeapProxy_free__E)
                  00005ec8    00000012     sysbios.aem4f : BIOS.obj (.text:_pthread_cleanup_pop)
                  00005eda    00000006     --HOLE-- [fill = 0]
                  00005ee0    00000012                   : BIOS.obj (.text:_pthread_runStub$43)
                  00005ef2    00000006     --HOLE-- [fill = 0]
                  00005ef8    00000012                   : BIOS.obj (.text:ti_sysbios_hal_Hwi_Module_startup__E)
                  00005f0a    00000012     rtsv7M4_T_le_v4SPD16_eabi.lib : wcslen.c.obj (.text:wcslen)
                  00005f1c    00000010     ADC_MSP432.obj (.text:ADC_is_busy)
                  00005f2c    00000010     msp432p4xx_driverlib.lib : pcm.o (.text:PCM_gotoLPM4)
                  00005f3c    00000010                              : pcm.o (.text:PCM_setPowerMode)
                  00005f4c    00000010                              : pcm.o (.text:PCM_setPowerState)
                  00005f5c    00000010     release_pem4f.oem4f (.text:ti_sysbios_BIOS_RtsGateProxy_leave__E)
                  00005f6c    00000004     --HOLE-- [fill = 0]
                  00005f70    00000010     sysbios.aem4f : BIOS.obj (.text:ti_sysbios_BIOS_exit__E)
                  00005f80    00000010                   : BIOS.obj (.text:ti_sysbios_BIOS_setThreadType__E)
                  00005f90    00000010                   : BIOS.obj (.text:ti_sysbios_BIOS_start__E)
                  00005fa0    00000010                   : m3_TaskSupport_asm.obj (.text:ti_sysbios_family_arm_m3_TaskSupport_glue)
                  00005fb0    00000010                   : BIOS.obj (.text:ti_sysbios_family_arm_msp432_init_Boot_disableWatchdog)
                  00005fc0    00000010                   : BIOS.obj (.text:ti_sysbios_gates_GateMutex_Instance_finalize__E)
                  00005fd0    00000010     release_pem4f.oem4f (.text:ti_sysbios_heaps_HeapMem_Module_GateProxy_leave__E)
                  00005fe0    00000010     sysbios.aem4f : BIOS.obj (.text:ti_sysbios_knl_Semaphore_Instance_finalize__E)
                  00005ff0    00000010                   : BIOS.obj (.text:ti_sysbios_knl_Swi_disable__E)
                  00006000    00000010     release_pem4f.oem4f (.text:ti_sysbios_knl_Task_SupportProxy_swap__E)
                  00006010    00000010     sysbios.aem4f : BIOS.obj (.text:ti_sysbios_knl_Task_disable__E)
                  00006020    00000010                   : BIOS.obj (.text:xdc_runtime_Gate_leaveSystem__E)
                  00006030    00000010                   : BIOS.obj (.text:xdc_runtime_Memory_free__E)
                  00006040    00000010                   : BIOS.obj (.text:xdc_runtime_SysCallback_abort__E)
                  00006050    00000010                   : BIOS.obj (.text:xdc_runtime_SysCallback_exit__E)
                  00006060    00000010     release_pem4f.oem4f (.text:xdc_runtime_System_Module_GateProxy_leave__E)
                  00006070    0000000e     TIMER32_MSP432.obj (.text:T32_Init1)
                  0000607e    0000000e     rtsv7M4_T_le_v4SPD16_eabi.lib : copy_decompress_none.c.obj (.text:decompress:none:__TI_decompress_none)
                  0000608c    00000004     --HOLE-- [fill = 0]
                  00006090    0000000e     sysbios.aem4f : BIOS.obj (.text:pthread_attr_setdetachstate)
                  0000609e    00000002     --HOLE-- [fill = 0]
                  000060a0    0000000e                   : BIOS.obj (.text:ti_sysbios_knl_Idle_loop__E)
                  000060ae    00000002     --HOLE-- [fill = 0]
                  000060b0    0000000e                   : BIOS.obj (.text:ti_sysbios_knl_Queue_empty__E)
                  000060be    00000002     --HOLE-- [fill = 0]
                  000060c0    0000000c     TIMER32_MSP432.obj (.text:T32_ClearInterruptFlag1)
                  000060cc    0000000c     TIMER32_MSP432.obj (.text:T32_EnableInterrupt1)
                  000060d8    0000000c     TIMER32_MSP432.obj (.text:T32_EnableTimer1)
                  000060e4    0000000c     rtsv7M4_T_le_v4SPD16_eabi.lib : _lock.c.obj (.text:_register_lock)
                  000060f0    0000000c                                   : _lock.c.obj (.text:_register_unlock)
                  000060fc    0000000c                                   : copy_zero_init.c.obj (.text:decompress:ZI:__TI_zero_init)
                  00006108    0000000c     sysbios.aem4f : BIOS.obj (.text:pthread_self)
                  00006114    0000000c     release_pem4f.oem4f (.text:ti_sysbios_BIOS_RtsGateProxy_enter__E)
                  00006120    0000000c     sysbios.aem4f : BIOS.obj (.text:ti_sysbios_family_arm_m3_TaskSupport_getStackAlignment__E)
                  0000612c    00000004     --HOLE-- [fill = 0]
                  00006130    0000000c                   : BIOS.obj (.text:ti_sysbios_family_arm_msp432_Timer_getMaxTicks__E)
                  0000613c    00000004     --HOLE-- [fill = 0]
                  00006140    0000000c                   : BIOS.obj (.text:ti_sysbios_gates_GateHwi_enter__E)
                  0000614c    0000000c     release_pem4f.oem4f (.text:ti_sysbios_heaps_HeapMem_Module_GateProxy_enter__E)
                  00006158    0000000c     release_pem4f.oem4f (.text:ti_sysbios_heaps_HeapMem_Module_GateProxy_query__E)
                  00006164    0000000c     release_pem4f.oem4f (.text:ti_sysbios_knl_Clock_TimerProxy_getMaxTicks__E)
                  00006170    0000000c     release_pem4f.oem4f (.text:ti_sysbios_knl_Task_delete)
                  0000617c    00000004     --HOLE-- [fill = 0]
                  00006180    0000000c     sysbios.aem4f : BIOS.obj (.text:ti_sysbios_knl_Task_self__E)
                  0000618c    00000004     --HOLE-- [fill = 0]
                  00006190    0000000c                   : BIOS.obj (.text:ti_sysbios_rts_ti_ReentSupport_taskRegHook__I)
                  0000619c    00000004     --HOLE-- [fill = 0]
                  000061a0    0000000c                   : BIOS.obj (.text:xdc_runtime_Gate_enterSystem__E)
                  000061ac    00000004     --HOLE-- [fill = 0]
                  000061b0    0000000c                   : BIOS.obj (.text:xdc_runtime_Startup_rtsDone__E)
                  000061bc    0000000c     release_pem4f.oem4f (.text:xdc_runtime_System_Module_GateProxy_enter__E)
                  000061c8    0000000c     release_pem4f.oem4f (.text:xdc_runtime_System_SupportProxy_abort__E)
                  000061d4    0000000c     release_pem4f.oem4f (.text:xdc_runtime_System_SupportProxy_exit__E)
                  000061e0    0000000a     rtsv7M4_T_le_v4SPD16_eabi.lib : sprintf.c.obj (.text:_outc)
                  000061ea    00000008     HVAC_IO.obj (.text:HVAC_InicialiceUART)
                  000061f2    00000006     --HOLE-- [fill = 0]
                  000061f8    00000008     sysbios.aem4f : BIOS.obj (.text:pthread_attr_setstacksize)
                  00006200    00000008     release_pem4f.oem4f (.text:ti_sysbios_family_arm_m3_Hwi_Module__startupDone__S)
                  00006208    00000008     sysbios.aem4f : BIOS.obj (.text:ti_sysbios_family_arm_m3_Hwi_doSwiRestore__I)
                  00006210    00000008                   : BIOS.obj (.text:ti_sysbios_family_arm_m3_Hwi_startup__E)
                  00006218    00000008     release_pem4f.oem4f (.text:ti_sysbios_family_arm_msp432_Timer_Module__startupDone__S)
                  00006220    00000008     release_pem4f.oem4f (.text:ti_sysbios_hal_Hwi_HwiProxy_Module__startupDone__S)
                  00006228    00000008     release_pem4f.oem4f (.text:ti_sysbios_hal_Hwi_HwiProxy_startup__E)
                  00006230    00000008     release_pem4f.oem4f (.text:ti_sysbios_hal_Hwi_HwiProxy_switchFromBootStack__E)
                  00006238    00000008     release_pem4f.oem4f (.text:ti_sysbios_knl_Clock_TimerProxy_Module__startupDone__S)
                  00006240    00000008     release_pem4f.oem4f (.text:ti_sysbios_knl_Task_SupportProxy_Module__startupDone__S)
                  00006248    00000008     release_pem4f.oem4f (.text:ti_sysbios_knl_Task_SupportProxy_getStackAlignment__E)
                  00006250    00000008     release_pem4f.oem4f (.text:ti_sysbios_rts_ti_ReentSupport_getReent__E)
                  00006258    00000008     release_pem4f.oem4f (.text:xdc_runtime_Startup_reset__I)
                  00006260    00000006     sysbios.aem4f : BIOS.obj (.text:ti_sysbios_family_arm_m3_Hwi_doTaskRestore__I)
                  00006266    00000002     --HOLE-- [fill = 0]
                  00006268    00000006                   : BIOS.obj (.text:ti_sysbios_gates_GateHwi_leave__E)
                  0000626e    00000002     --HOLE-- [fill = 0]
                  00006270    00000006                   : BIOS.obj (.text:ti_sysbios_heaps_HeapMem_isBlocking__E)
                  00006276    00000002     --HOLE-- [fill = 0]
                  00006278    00000006                   : BIOS.obj (.text:ti_sysbios_knl_Queue_Instance_init__E)
                  0000627e    00000002     --HOLE-- [fill = 0]
                  00006280    00000006                   : BIOS.obj (.text:ti_sysbios_knl_Swi_startup__E)
                  00006286    00000002     --HOLE-- [fill = 0]
                  00006288    00000006                   : BIOS.obj (.text:xdc_runtime_System_Module_startup__E)
                  0000628e    00000002     --HOLE-- [fill = 0]
                  00006290    00000004                   : BIOS.obj (.text:__aeabi_errno_addr)
                  00006294    00000004     --HOLE-- [fill = 0]
                  00006298    00000004                   : BIOS.obj (.text:ti_sysbios_gates_GateHwi_query__E)
                  0000629c    00000004     --HOLE-- [fill = 0]
                  000062a0    00000004                   : BIOS.obj (.text:ti_sysbios_gates_GateMutex_query__E)
                  000062a4    00000004     --HOLE-- [fill = 0]
                  000062a8    00000004                   : BIOS.obj (.text:ti_sysbios_knl_Task_startup__E)
                  000062ac    00000004     --HOLE-- [fill = 0]
                  000062b0    00000002                   : BIOS.obj (.text:ti_sysbios_BIOS_linkedWithIncorrectBootLibrary__E)
                  000062b2    00000006     --HOLE-- [fill = 0]
                  000062b8    00000002                   : BIOS.obj (.text:ti_sysbios_gates_GateHwi_Instance_init__E)
                  000062ba    00000006     --HOLE-- [fill = 0]
                  000062c0    00000002                   : BIOS.obj (.text:ti_sysbios_knl_Clock_logTick__E)
                  000062c2    00000006     --HOLE-- [fill = 0]
                  000062c8    00000002                   : BIOS.obj (.text:xdc_runtime_SysCallback_defaultAbort)
                  000062ca    00000006     --HOLE-- [fill = 0]
                  000062d0    00000002                   : BIOS.obj (.text:xdc_runtime_SysCallback_defaultExit)
                  000062d2    00000006     --HOLE-- [fill = 0]
                  000062d8    00000002                   : BIOS.obj (.text:xdc_runtime_System_abortSpin__E)
                  000062da    00000006     --HOLE-- [fill = 0]
                  000062e0    00000002                   : BIOS.obj (.text:xdc_runtime_System_exitSpin__E)

.const     0    000062e4    00000500     
                  000062e4    00000101     rtsv7M4_T_le_v4SPD16_eabi.lib : ctype.c.obj (.const:.string:_ctypes_)
                  000063e5    00000001     release_pem4f.oem4f (.const:xdc_runtime_Error_policy__C)
                  000063e6    00000002     release_pem4f.oem4f (.const:ti_sysbios_family_arm_msp432_init_Boot_bypassHFXT__C)
                  000063e8    00000048     release_pem4f.oem4f (.const:.string)
                  00006430    0000003c     release_pem4f.oem4f (.const:ti_sysbios_knl_Task_Object__PARAMS__C)
                  0000646c    00000030     GPIO_MSP432.obj (.const:GPIO_PORT_TO_BASE)
                  0000649c    00000028     release_pem4f.oem4f (.const:ti_sysbios_heaps_HeapMem_Module__FXNS__C)
                  000064c4    00000024     release_pem4f.oem4f (.const:ti_sysbios_gates_GateHwi_Module__FXNS__C)
                  000064e8    00000024     release_pem4f.oem4f (.const:ti_sysbios_gates_GateMutex_Module__FXNS__C)
                  0000650c    00000024     release_pem4f.oem4f (.const:ti_sysbios_heaps_HeapMem_Object__PARAMS__C)
                  00006530    00000024     release_pem4f.oem4f (.const:ti_sysbios_knl_Semaphore_Object__PARAMS__C)
                  00006554    00000024     release_pem4f.oem4f (.const:xdc_runtime_Startup_sfxnTab__A)
                  00006578    00000020     release_pem4f.oem4f (.const:ti_sysbios_gates_GateHwi_Object__DESC__C)
                  00006598    00000020     release_pem4f.oem4f (.const:ti_sysbios_gates_GateMutex_Object__DESC__C)
                  000065b8    00000020     release_pem4f.oem4f (.const:ti_sysbios_heaps_HeapMem_Object__DESC__C)
                  000065d8    00000020     release_pem4f.oem4f (.const:ti_sysbios_knl_Queue_Object__DESC__C)
                  000065f8    00000020     release_pem4f.oem4f (.const:ti_sysbios_knl_Semaphore_Object__DESC__C)
                  00006618    00000020     release_pem4f.oem4f (.const:ti_sysbios_knl_Task_Object__DESC__C)
                  00006638    00000018     release_pem4f.oem4f (.const:ti_sysbios_gates_GateHwi_Object__PARAMS__C)
                  00006650    00000018     release_pem4f.oem4f (.const:ti_sysbios_gates_GateMutex_Object__PARAMS__C)
                  00006668    00000018     release_pem4f.oem4f (.const:ti_sysbios_knl_Queue_Object__PARAMS__C)
                  00006680    00000018     release_pem4f.oem4f (.const:ti_sysbios_knl_Task_hooks__A)
                  00006698    00000012     release_pem4f.oem4f (.const:xdc_runtime_Startup_sfxnRts__A)
                  000066aa    00000002     release_pem4f.oem4f (.const:ti_sysbios_family_arm_msp432_init_Boot_bypassLFXT__C)
                  000066ac    0000000c     UART_MSP432.obj (.const:BRFX)
                  000066b8    0000000c     UART_MSP432.obj (.const:BRS)
                  000066c4    0000000c     UART_MSP432.obj (.const:BRX)
                  000066d0    0000000c     release_pem4f.oem4f (.const:xdc_runtime_Startup_firstFxns__A)
                  000066dc    00000008     INT_MSP432.obj (.const:g_pulEnRegs)
                  000066e4    00000008     release_pem4f.oem4f (.const:ti_sysbios_knl_Idle_funcList__A)
                  000066ec    00000008     release_pem4f.oem4f (.const:ti_sysbios_knl_Idle_funcList__C)
                  000066f4    00000008     release_pem4f.oem4f (.const:ti_sysbios_knl_Task_hooks__C)
                  000066fc    00000008     release_pem4f.oem4f (.const:xdc_runtime_Startup_firstFxns__C)
                  00006704    00000008     release_pem4f.oem4f (.const:xdc_runtime_Startup_lastFxns__C)
                  0000670c    00000004     release_pem4f.oem4f (.const:ti_sysbios_family_arm_m3_Hwi_NUM_INTERRUPTS__C)
                  00006710    00000004     release_pem4f.oem4f (.const:ti_sysbios_family_arm_m3_Hwi_Object__count__C)
                  00006714    00000004     release_pem4f.oem4f (.const:ti_sysbios_family_arm_m3_Hwi_Object__table__C)
                  00006718    00000004     release_pem4f.oem4f (.const:ti_sysbios_family_arm_m3_Hwi_ccr__C)
                  0000671c    00000004     release_pem4f.oem4f (.const:ti_sysbios_family_arm_m3_Hwi_excHandlerFunc__C)
                  00006720    00000004     release_pem4f.oem4f (.const:ti_sysbios_family_arm_m3_Hwi_nullIsrFunc__C)
                  00006724    00000004     release_pem4f.oem4f (.const:ti_sysbios_family_arm_m3_Hwi_priGroup__C)
                  00006728    00000004     release_pem4f.oem4f (.const:ti_sysbios_family_arm_m3_TaskSupport_stackAlignment__C)
                  0000672c    00000004     release_pem4f.oem4f (.const:ti_sysbios_family_arm_msp432_Timer_numTimerDevices__C)
                  00006730    00000004     release_pem4f.oem4f (.const:ti_sysbios_family_arm_msp432_Timer_startupNeeded__C)
                  00006734    00000004     release_pem4f.oem4f (.const:ti_sysbios_gates_GateMutex_Instance_State_sem__O)
                  00006738    00000004     release_pem4f.oem4f (.const:ti_sysbios_heaps_HeapMem_E_memory__C)
                  0000673c    00000004     release_pem4f.oem4f (.const:ti_sysbios_heaps_HeapMem_Module__gateObj__C)
                  00006740    00000004     release_pem4f.oem4f (.const:ti_sysbios_heaps_HeapMem_Object__count__C)
                  00006744    00000004     release_pem4f.oem4f (.const:ti_sysbios_heaps_HeapMem_Object__table__C)
                  00006748    00000004     release_pem4f.oem4f (.const:ti_sysbios_heaps_HeapMem_primaryHeapBaseAddr__C)
                  0000674c    00000004     release_pem4f.oem4f (.const:ti_sysbios_heaps_HeapMem_primaryHeapEndAddr__C)
                  00006750    00000004     release_pem4f.oem4f (.const:ti_sysbios_heaps_HeapMem_reqAlign__C)
                  00006754    00000004     release_pem4f.oem4f (.const:ti_sysbios_knl_Clock_Module_State_clockQ__O)
                  00006758    00000004     release_pem4f.oem4f (.const:ti_sysbios_knl_Clock_tickPeriod__C)
                  0000675c    00000004     release_pem4f.oem4f (.const:ti_sysbios_knl_Mailbox_Instance_State_freeQue__O)
                  00006760    00000004     release_pem4f.oem4f (.const:ti_sysbios_knl_Mailbox_Object__count__C)
                  00006764    00000004     release_pem4f.oem4f (.const:ti_sysbios_knl_Mailbox_maxTypeAlign__C)
                  00006768    00000004     release_pem4f.oem4f (.const:ti_sysbios_knl_Semaphore_Instance_State_pendQ__O)
                  0000676c    00000004     release_pem4f.oem4f (.const:ti_sysbios_knl_Swi_Object__count__C)
                  00006770    00000004     release_pem4f.oem4f (.const:ti_sysbios_knl_Swi_Object__table__C)
                  00006774    00000004     release_pem4f.oem4f (.const:ti_sysbios_knl_Task_Module_State_inactiveQ__O)
                  00006778    00000004     release_pem4f.oem4f (.const:ti_sysbios_knl_Task_Object__count__C)
                  0000677c    00000004     release_pem4f.oem4f (.const:ti_sysbios_knl_Task_Object__heap__C)
                  00006780    00000004     release_pem4f.oem4f (.const:ti_sysbios_knl_Task_Object__table__C)
                  00006784    00000004     release_pem4f.oem4f (.const:ti_sysbios_knl_Task_allBlockedFunc__C)
                  00006788    00000004     release_pem4f.oem4f (.const:ti_sysbios_knl_Task_defaultStackHeap__C)
                  0000678c    00000004     release_pem4f.oem4f (.const:ti_sysbios_knl_Task_defaultStackSize__C)
                  00006790    00000004     release_pem4f.oem4f (.const:ti_sysbios_knl_Task_numConstructedTasks__C)
                  00006794    00000004     release_pem4f.oem4f (.const:xdc_runtime_Error_E_memory__C)
                  00006798    00000004     release_pem4f.oem4f (.const:xdc_runtime_Error_policyFxn__C)
                  0000679c    00000004     release_pem4f.oem4f (.const:xdc_runtime_IGateProvider_Interface__BASE__C)
                  000067a0    00000004     release_pem4f.oem4f (.const:xdc_runtime_IHeap_Interface__BASE__C)
                  000067a4    00000004     release_pem4f.oem4f (.const:xdc_runtime_IModule_Interface__BASE__C)
                  000067a8    00000004     release_pem4f.oem4f (.const:xdc_runtime_Memory_defaultHeapInstance__C)
                  000067ac    00000004     release_pem4f.oem4f (.const:xdc_runtime_Startup_execImpl__C)
                  000067b0    00000004     release_pem4f.oem4f (.const:xdc_runtime_Startup_maxPasses__C)
                  000067b4    00000004     release_pem4f.oem4f (.const:xdc_runtime_Startup_sfxnRts__C)
                  000067b8    00000004     release_pem4f.oem4f (.const:xdc_runtime_Startup_sfxnTab__C)
                  000067bc    00000004     release_pem4f.oem4f (.const:xdc_runtime_Startup_startModsFxn__C)
                  000067c0    00000004     release_pem4f.oem4f (.const:xdc_runtime_SysCallback_abortFxn__C)
                  000067c4    00000004     release_pem4f.oem4f (.const:xdc_runtime_SysCallback_exitFxn__C)
                  000067c8    00000004     release_pem4f.oem4f (.const:xdc_runtime_System_Module__gateObj__C)
                  000067cc    00000004     release_pem4f.oem4f (.const:xdc_runtime_System_abortFxn__C)
                  000067d0    00000004     release_pem4f.oem4f (.const:xdc_runtime_System_exitFxn__C)
                  000067d4    00000004     release_pem4f.oem4f (.const:xdc_runtime_System_maxAtexitHandlers__C)
                  000067d8    00000004     release_pem4f.oem4f (.const:xdc_runtime_Text_nameUnknown__C)
                  000067dc    00000002     release_pem4f.oem4f (.const:ti_sysbios_family_arm_msp432_init_Boot_enableHFXT__C)
                  000067de    00000002     release_pem4f.oem4f (.const:ti_sysbios_family_arm_msp432_init_Boot_enableLFXT__C)
                  000067e0    00000002     release_pem4f.oem4f (.const:ti_sysbios_heaps_HeapMem_Module__id__C)
                  000067e2    00000002     release_pem4f.oem4f (.const:xdc_runtime_Memory_Module__id__C)

.cinit     0    000067e8    000001e0     
                  000067e8    000001a5     (.cinit..data.load) [load image, compression = lzss]
                  0000698d    00000003     --HOLE-- [fill = 0]
                  00006990    0000000c     (__TI_handler_table)
                  0000699c    00000004     --HOLE-- [fill = 0]
                  000069a0    00000008     (.cinit..bss.load) [load image, compression = zero_init]
                  000069a8    00000008     (.cinit..vtable.load) [load image, compression = zero_init]
                  000069b0    00000018     (__TI_cinit_table)

.init_array 
*          0    00000000    00000000     UNINITIALIZED

.data      0    20000140    00000480     UNINITIALIZED
                  20000140    00000088     sysbios.aem4f : BIOS.obj (.data:$O1$$)
                  200001c8    00000080     release_pem4f.oem4f (.data:ti_sysbios_knl_Swi_Module_State_0_readyQ__A)
                  20000248    00000080     release_pem4f.oem4f (.data:ti_sysbios_knl_Task_Module_State_0_readyQ__A)
                  200002c8    00000054     release_pem4f.oem4f (.data:ti_sysbios_gates_GateMutex_Object__table__V)
                  2000031c    0000004c     release_pem4f.oem4f (.data:ti_sysbios_knl_Task_Object__table__V)
                  20000368    00000044     release_pem4f.oem4f (.data:ti_sysbios_family_arm_msp432_Timer_Object__table__V)
                  200003ac    00000044     release_pem4f.oem4f (.data:ti_sysbios_knl_Task_Module__state__V)
                  200003f0    00000034     release_pem4f.oem4f (.data:ti_sysbios_family_arm_m3_Hwi_Module__state__V)
                  20000424    00000030     release_pem4f.oem4f (.data:ti_sysbios_knl_Swi_Object__table__V)
                  20000454    0000002c     release_pem4f.oem4f (.data:ti_sysbios_knl_Clock_Module__state__V)
                  20000480    00000024     release_pem4f.oem4f (.data:ti_sysbios_BIOS_Module__state__V)
                  200004a4    00000020     release_pem4f.oem4f (.data:ti_sysbios_family_arm_msp432_Timer_Module_State_0_device__A)
                  200004c4    00000020     release_pem4f.oem4f (.data:xdc_runtime_Error_IgnoreBlock)
                  200004e4    0000001c     release_pem4f.oem4f (.data:ti_sysbios_knl_Swi_Module__state__V)
                  20000500    00000018     release_pem4f.oem4f (.data:ti_sysbios_family_arm_m3_Hwi_Object__table__V)
                  20000518    00000018     release_pem4f.oem4f (.data:ti_sysbios_heaps_HeapMem_Object__table__V)
                  20000530    00000010     release_pem4f.oem4f (.data:ti_sysbios_family_arm_msp432_Timer_Module_State_0_handles__A)
                  20000540    0000000c     release_pem4f.oem4f (.data:ti_sysbios_family_arm_msp432_Timer_Module__state__V)
                  2000054c    00000008     rtsv7M4_T_le_v4SPD16_eabi.lib : _lock.c.obj (.data:$O1$$)
                  20000554    00000008     release_pem4f.oem4f (.data:ti_sysbios_gates_GateHwi_Module__root__V)
                  2000055c    00000008     release_pem4f.oem4f (.data:ti_sysbios_gates_GateMutex_Module__root__V)
                  20000564    00000008     release_pem4f.oem4f (.data:ti_sysbios_heaps_HeapMem_Module__root__V)
                  2000056c    00000008     release_pem4f.oem4f (.data:ti_sysbios_knl_Queue_Module__root__V)
                  20000574    00000008     release_pem4f.oem4f (.data:ti_sysbios_knl_Semaphore_Module__root__V)
                  2000057c    00000008     release_pem4f.oem4f (.data:ti_sysbios_knl_Task_Module__root__V)
                  20000584    00000008     release_pem4f.oem4f (.data:xdc_runtime_Startup_Module__state__V)
                  2000058c    00000008     release_pem4f.oem4f (.data:xdc_runtime_System_Module_State_0_atexitHandlers__A)
                  20000594    00000008     release_pem4f.oem4f (.data:xdc_runtime_System_Module__state__V)
                  2000059c    00000005     HVAC_IO.obj (.data)
                  200005a1    00000001     HVAC_Thread.obj (.data)
                  200005a2    00000002     release_pem4f.oem4f (.data:ti_sysbios_family_arm_m3_Hwi_Module_State_0_excActive__A)
                  200005a4    00000004     rtsv7M4_T_le_v4SPD16_eabi.lib : stkdepth_vars.c.obj (.data)
                  200005a8    00000004     release_pem4f.oem4f (.data:ti_sysbios_family_arm_m3_Hwi_Module_State_0_excContext__A)
                  200005ac    00000004     release_pem4f.oem4f (.data:ti_sysbios_family_arm_m3_Hwi_Module_State_0_excStack__A)
                  200005b0    00000004     release_pem4f.oem4f (.data:ti_sysbios_gates_GateHwi_Object__table__V)
                  200005b4    00000004     release_pem4f.oem4f (.data:ti_sysbios_knl_Task_Module_State_0_idleTask__A)
                  200005b8    00000004     release_pem4f.oem4f (.data:ti_sysbios_rts_ti_ReentSupport_Module__state__V)
                  200005bc    00000004     release_pem4f.oem4f (.data:xdc_runtime_Memory_Module__state__V)

.bss       0    200005c0    00000399     UNINITIALIZED
                  200005c0    00000200     release_pem4f.oem4f (.bss:taskStackSection)
                  200007c0    00000140     (.common:ti_sysbios_family_arm_m3_Hwi_dispatchTable)
                  20000900    00000040     (.common:state)
                  20000940    0000000c     (.common:pot)
                  2000094c    00000004     (.common:contadorApg)
                  20000950    00000004     (.common:ti_sysbios_knl_Task_Instance_State_0_hookEnv__A)
                  20000954    00000001     (.common:Enc_Apg)
                  20000955    00000001     (.common:Persiana1)
                  20000956    00000001     (.common:Persiana2)
                  20000957    00000001     (.common:SecuenciaLED)
                  20000958    00000001     (.common:Select_Menu)

.vtable    0    20001000    000000e8     UNINITIALIZED
                  20001000    000000e8     INT_MSP432.obj (.vtable)

.priheap   0    200010e8    00004000     UNINITIALIZED
                  200010e8    00004000     --HOLE--

.stack     0    2000fc00    00000400     UNINITIALIZED
                  2000fc00    00000400     --HOLE--

.bootVecs 
*          0    00000000    00000008     DSECT
                  00000000    00000008     boot.aem4f : boot.oem4f (.bootVecs)

.resetVecs 
*          0    00000000    0000003c     
                  00000000    0000003c     release_pem4f.oem4f (.resetVecs)

.vecs      0    20000000    00000140     NOLOAD SECTION
                  20000000    00000140     release_pem4f.oem4f (.vecs)

xdc.meta   0    00000000    000000e5     COPY SECTION
                  00000000    000000e5     release_pem4f.oem4f (xdc.meta)

xdc.noload 
*          0    00000000    00000000     COPY SECTION

__llvm_prf_cnts 
*          0    20000000    00000000     UNINITIALIZED

.binit     0    00000000    00000000     

MODULE SUMMARY

       Module                       code    ro data   rw data
       ------                       ----    -------   -------
    .\
       HVAC_IO.obj                  2396    0         180    
       HVAC_Thread.obj              188     0         2      
       Threads.obj                  100     0         0      
    +--+----------------------------+-------+---------+---------+
       Total:                       2684    0         182    
                                                             
    .\Aux_files\
       system_msp432p401r.obj       202     0         0      
    +--+----------------------------+-------+---------+---------+
       Total:                       202     0         0      
                                                             
    .\Drivers\
       UART_MSP432.obj              680     36        0      
       INT_MSP432.obj               220     8         464    
       GPIO_MSP432.obj              356     48        0      
       ADC_MSP432.obj               240     0         0      
       TIMER32_MSP432.obj           106     0         0      
    +--+----------------------------+-------+---------+---------+
       Total:                       1602    92        464    
                                                             
    D:\Practicas Arquitectura\u2\HVAC_UN_HILO_ORG\Debug\configPkg\package\cfg\
       release_pem4f.oem4f          1966    991       4308   
    +--+----------------------------+-------+---------+---------+
       Total:                       1966    991       4308   
                                                             
    C:/ti/simplelink_msp432p4_sdk_3_40_01_02/source/ti/devices/msp432p4xx/driverlib/ccs/msp432p4xx_driverlib.lib
       pcm.o                        1770    0         0      
       rtc_c.o                      44      0         0      
       wdt_a.o                      36      0         0      
       cpu.o                        4       0         0      
    +--+----------------------------+-------+---------+---------+
       Total:                       1854    0         0      
                                                             
    C:\ti\ccs1250\ccs\tools\compiler\ti-cgt-arm_20.2.7.LTS\lib\rtsv7M4_T_le_v4SPD16_eabi.lib
       _printfi.c.obj               4851    0         0      
       fd_add_t2.asm.obj            438     0         0      
       fd_div_t2.asm.obj            310     0         0      
       s_scalbn.c.obj               272     0         0      
       fd_cmp_t2.asm.obj            268     0         0      
       ctype.c.obj                  0       257       0      
       fd_mul_t2.asm.obj            252     0         0      
       memcpy_t2.asm.obj            156     0         0      
       ull_div_t2.asm.obj           150     0         0      
       memset_t2.asm.obj            122     0         0      
       copy_decompress_lzss.c.obj   104     0         0      
       s_frexp.c.obj                100     0         0      
       sprintf.c.obj                98      0         0      
       _ltoa.c.obj                  84      0         0      
       atoi.c.obj                   76      0         0      
       cpy_tbl.c.obj                76      0         0      
       fd_toi_t2.asm.obj            72      0         0      
       fs_tod_t2.asm.obj            56      0         0      
       i_tofd_t2.asm.obj            46      0         0      
       _lock.c.obj                  26      0         16     
       memccpy.c.obj                28      0         0      
       s_copysign.c.obj             26      0         0      
       args_main.c.obj              24      0         0      
       strchr.c.obj                 22      0         0      
       strlen.c.obj                 20      0         0      
       wcslen.c.obj                 18      0         0      
       copy_decompress_none.c.obj   14      0         0      
       copy_zero_init.c.obj         12      0         0      
       stkdepth_vars.c.obj          0       0         8      
       div0.asm.obj                 2       0         0      
    +--+----------------------------+-------+---------+---------+
       Total:                       7723    257       24     
                                                             
    C:\ti\simplelink_msp432p4_sdk_3_40_01_02\kernel\tirtos\packages\ti\targets\arm\rtsarm\lib\auto_init.aem4f
       auto_init.oem4f              160     0         0      
    +--+----------------------------+-------+---------+---------+
       Total:                       160     0         0      
                                                             
    C:\ti\simplelink_msp432p4_sdk_3_40_01_02\kernel\tirtos\packages\ti\targets\arm\rtsarm\lib\boot.aem4f
       boot.oem4f                   88      0         0      
    +--+----------------------------+-------+---------+---------+
       Total:                       88      0         0      
                                                             
    D:\Practicas Arquitectura\u2\HVAC_UN_HILO_ORG\Aux_files\src\sysbios\sysbios.aem4f
       BIOS.obj                     8042    0         272    
       m3_Hwi_asm.obj               318     0         0      
       m3_TaskSupport_asm.obj       180     0         0      
       m3_Hwi_asm_switch.obj        118     0         0      
    +--+----------------------------+-------+---------+---------+
       Total:                       8658    0         272    
                                                             
       Stack:                       0       0         2048   
       Linker Generated:            0       473       0      
    +--+----------------------------+-------+---------+---------+
       Grand Total:                 24937   1813      7298   


LINKER GENERATED COPY TABLES

__TI_cinit_table @ 000069b0 records: 3, size/record: 8, table size: 24
	.data: load addr=000067e8, load size=000001a5 bytes, run addr=20000140, run size=00000480 bytes, compression=lzss
	.bss: load addr=000069a0, load size=00000008 bytes, run addr=200005c0, run size=00000399 bytes, compression=zero_init
	.vtable: load addr=000069a8, load size=00000008 bytes, run addr=20001000, run size=000000e8 bytes, compression=zero_init


LINKER GENERATED HANDLER TABLE

__TI_handler_table @ 00006990 records: 3, size/record: 4, table size: 12
	index: 0, handler: __TI_zero_init
	index: 1, handler: __TI_decompress_lzss
	index: 2, handler: __TI_decompress_none


GLOBAL SYMBOLS: SORTED ALPHABETICALLY BY Name 

address   name                                                            
-------   ----                                                            
000058a5  ADC_ConfigurePinChannel                                         
00004dc1  ADC_Initialize                                                  
00005c39  ADC_SetConvertionMode                                           
000059e5  ADC_SetEndOfSequenceChannel                                     
00005a01  ADC_SetStartOfSequenceChannel                                   
00005f1d  ADC_is_busy                                                     
00005a1d  ADC_result                                                      
00005c51  ADC_trigger                                                     
000066ac  BRFX                                                            
000066b8  BRS                                                             
000066c4  BRX                                                             
0000209d  CPU_wfi                                                         
00004fa1  Delay_ms                                                        
20000954  Enc_Apg                                                         
2000059d  Enc_Apg_Push                                                    
000050a5  GPIO_getInputPinValue                                           
00003d6d  GPIO_init_board                                                 
00004dfd  GPIO_interruptEdgeSelect                                        
000034c5  GPIO_setOutput                                                  
00004000  HEAPSIZE                                                        
0000312d  HVAC_ActualizarEntradas                                         
00002d39  HVAC_Enc_Apg_Check                                              
00002951  HVAC_Enc_Apg_Ctrl                                               
00004b7d  HVAC_InicialiceADC                                              
00002f41  HVAC_InicialiceIO                                               
000061eb  HVAC_InicialiceUART                                             
00001181  HVAC_Menu                                                       
000016e5  HVAC_PrintState                                                 
00003c91  HVAC_Thread                                                     
00002789  INT_SWI                                                         
00000f89  INT_UP_DOWN                                                     
00003a2d  Int_enableInterrupt                                             
00004229  Int_registerInterrupt                                           
2000059e  Menu_Push                                                       
000041c9  PCM_getCoreVoltageLevel                                         
000043a5  PCM_getPowerMode                                                
00005e29  PCM_getPowerState                                               
000055f1  PCM_gotoLPM0                                                    
00003899  PCM_gotoLPM3                                                    
00005f2d  PCM_gotoLPM4                                                    
00005f3d  PCM_setPowerMode                                                
00005f4d  PCM_setPowerState                                               
000045b9  PCM_shutdownDevice                                              
20000955  Persiana1                                                       
20000956  Persiana2                                                       
000016e3  Power_idleFunc                                                  
00005435  RTC_C_holdClock                                                 
UNDEFED   SHT$$INIT_ARRAY$$Base                                           
UNDEFED   SHT$$INIT_ARRAY$$Limit                                          
20000957  SecuenciaLED                                                    
20000958  Select_Menu                                                     
00002af9  SystemInit                                                      
00005a39  System_InicialiceTIMER                                          
000060c1  T32_ClearInterruptFlag1                                         
00005709  T32_Configure1                                                  
000060cd  T32_EnableInterrupt1                                            
000060d9  T32_EnableTimer1                                                
00006071  T32_Init1                                                       
00005e3d  T32_SetLoadValue1                                               
00005a55  Timer32_INT1                                                    
00005c69  UART_B_char_IE                                                  
00005c81  UART_E_char_IE                                                  
00004401  UART_clck_source                                                
00005c99  UART_data_bits                                                  
00005db9  UART_den                                                        
00005dcf  UART_en                                                         
00003dd5  UART_init                                                       
00005cb1  UART_mode                                                       
0000572d  UART_putsf                                                      
00004fd5  UART_sendByte                                                   
00004459  UART_set_baud_rate                                              
000050d5  UART_set_location_pin                                           
00005cc9  UART_set_oversampling                                           
00005009  UART_set_parity                                                 
00005ce1  UART_set_stop_bits                                              
00005cf9  UART_set_transmision_dir                                        
2000059f  UP_DOWN_Push                                                    
4000480c  WDTCTL_SYM                                                      
00005751  WDT_A_holdTimer                                                 
00000000  __ASM__                                                         
00000066  __ISA__                                                         
00000079  __PLAT__                                                        
20010000  __STACK_END                                                     
00000400  __STACK_SIZE                                                    
0000009c  __TARG__                                                        
000069b0  __TI_CINIT_Base                                                 
000069c8  __TI_CINIT_Limit                                                
00006990  __TI_Handler_Table_Base                                         
0000699c  __TI_Handler_Table_Limit                                        
0000308d  __TI_auto_init                                                  
00003e3d  __TI_decompress_lzss                                            
0000607f  __TI_decompress_none                                            
0000460d  __TI_ltoa                                                       
ffffffff  __TI_pprof_out_hndl                                             
00000041  __TI_printfi                                                    
ffffffff  __TI_prof_data_size                                             
ffffffff  __TI_prof_data_start                                            
000067e8  __TI_static_base__                                              
000060fd  __TI_zero_init                                                  
000000c2  __TRDR__                                                        
00003705  __aeabi_cdcmpeq                                                 
00003705  __aeabi_cdcmple                                                 
0000378b  __aeabi_cdrcmple                                                
000049cd  __aeabi_d2iz                                                    
00001537  __aeabi_dadd                                                    
00001af9  __aeabi_ddiv                                                    
000023b5  __aeabi_dmul                                                    
0000152d  __aeabi_dsub                                                    
00006291  __aeabi_errno_addr                                              
00004ef5  __aeabi_f2d                                                     
00005407  __aeabi_i2d                                                     
00002d37  __aeabi_idiv0                                                   
00002d37  __aeabi_ldiv0                                                   
00003b31  __aeabi_memclr                                                  
00003b31  __aeabi_memclr4                                                 
00003b31  __aeabi_memclr8                                                 
000031c9  __aeabi_memcpy                                                  
000031c9  __aeabi_memcpy4                                                 
000031c9  __aeabi_memcpy8                                                 
00003b33  __aeabi_memset                                                  
00003b33  __aeabi_memset4                                                 
00003b33  __aeabi_memset8                                                 
00003265  __aeabi_uldivmod                                                
ffffffff  __binit__                                                       
ffffffff  __c_args__                                                      
200050e8  __primary_heap_end__                                            
200010e8  __primary_heap_start__                                          
2000fc00  __stack                                                         
20000000  __start___llvm_prf_cnts                                         
20000000  __stop___llvm_prf_cnts                                          
00005d11  _args_main                                                      
000044b1  _c_int00                                                        
000062e4  _ctypes_                                                        
2000054c  _lock                                                           
00001c2f  _nop                                                            
00005461  _pthread_cleanupFxn                                             
00005ec9  _pthread_cleanup_pop                                            
00003301  _pthread_removeThreadKeys                                       
000060e5  _register_lock                                                  
000060f1  _register_unlock                                                
20000550  _unlock                                                         
00004759  atoi                                                            
ffffffff  binit                                                           
2000094c  contadorApg                                                     
000047a5  copy_in                                                         
00005bed  copysign                                                        
00005bed  copysignl                                                       
00003f11  frexp                                                           
00003f11  frexpl                                                          
20001000  g_pfnRAMVectoring                                               
00001e85  ldexp                                                           
00001e85  ldexpl                                                          
00003f75  main                                                            
200005a4  main_func_sp                                                    
00005a71  memccpy                                                         
000031c9  memcpy                                                          
00003b39  memset                                                          
20000940  pot                                                             
00005779  pthread_attr_init                                               
00006091  pthread_attr_setdetachstate                                     
00005e51  pthread_attr_setschedparam                                      
000061f9  pthread_attr_setstacksize                                       
000025a9  pthread_create                                                  
00003fd9  pthread_exit                                                    
00006109  pthread_self                                                    
000053d9  pthread_setcancelstate                                          
200005a1  retraso                                                         
00001e85  scalbn                                                          
00001e85  scalbnl                                                         
00004bbd  sprintf                                                         
20000900  state                                                           
00005de5  strchr                                                          
00005e65  strlen                                                          
20000480  ti_sysbios_BIOS_Module__state__V                                
00006115  ti_sysbios_BIOS_RtsGateProxy_enter__E                           
00005f5d  ti_sysbios_BIOS_RtsGateProxy_leave__E                           
00005105  ti_sysbios_BIOS_atExitFunc__I                                   
00005dfb  ti_sysbios_BIOS_exitFunc__I                                     
00005f71  ti_sysbios_BIOS_exit__E                                         
000062b1  ti_sysbios_BIOS_linkedWithIncorrectBootLibrary__E               
00002de5  ti_sysbios_BIOS_nullFunc__I                                     
0000579d  ti_sysbios_BIOS_registerRTSLock__I                              
000058c5  ti_sysbios_BIOS_removeRTSLock__I                                
00005135  ti_sysbios_BIOS_rtsLock__I                                      
000054bd  ti_sysbios_BIOS_rtsUnlock__I                                    
00005f81  ti_sysbios_BIOS_setThreadType__E                                
00005165  ti_sysbios_BIOS_startFunc__I                                    
00005f91  ti_sysbios_BIOS_start__E                                        
200005a2  ti_sysbios_family_arm_m3_Hwi_Module_State_0_excActive__A        
200005a8  ti_sysbios_family_arm_m3_Hwi_Module_State_0_excContext__A       
200005ac  ti_sysbios_family_arm_m3_Hwi_Module_State_0_excStack__A         
00005a8d  ti_sysbios_family_arm_m3_Hwi_Module__startupDone__F             
00006201  ti_sysbios_family_arm_m3_Hwi_Module__startupDone__S             
200003f0  ti_sysbios_family_arm_m3_Hwi_Module__state__V                   
00004709  ti_sysbios_family_arm_m3_Hwi_Module_startup__E                  
0000670c  ti_sysbios_family_arm_m3_Hwi_NUM_INTERRUPTS__C                  
[...]
00005d71  ti_sysbios_knl_Task_sleepTimeout__I                             
00005d89  xdc_runtime_Error_init__E                                       
00005da1  xdc_runtime_System_exit__E                                      
00005db9  UART_den                                                        
00005dcf  UART_en                                                         
00005de5  strchr                                                          
00005dfb  ti_sysbios_BIOS_exitFunc__I                                     
00005e11  ti_sysbios_knl_Task_unblock__E                                  
00005e29  PCM_getPowerState                                               
00005e3d  T32_SetLoadValue1                                               
00005e51  pthread_attr_setschedparam                                      
00005e65  strlen                                                          
00005e79  ti_sysbios_family_arm_m3_Hwi_switchFromBootStack__E             
00005e8d  ti_sysbios_hal_Hwi_HwiProxy_getStackInfo__E                     
00005e8d  ti_sysbios_hal_Hwi_getStackInfo__E                              
00005eb5  xdc_runtime_Memory_HeapProxy_free__E                            
00005ec9  _pthread_cleanup_pop                                            
00005ef9  ti_sysbios_hal_Hwi_Module_startup__E                            
00005f0b  wcslen                                                          
00005f1d  ADC_is_busy                                                     
00005f2d  PCM_gotoLPM4                                                    
00005f3d  PCM_setPowerMode                                                
00005f4d  PCM_setPowerState                                               
00005f5d  ti_sysbios_BIOS_RtsGateProxy_leave__E                           
00005f71  ti_sysbios_BIOS_exit__E                                         
00005f81  ti_sysbios_BIOS_setThreadType__E                                
00005f91  ti_sysbios_BIOS_start__E                                        
00005fa1  ti_sysbios_family_arm_m3_TaskSupport_glue                       
00005fb1  ti_sysbios_family_arm_msp432_init_Boot_disableWatchdog          
00005fc1  ti_sysbios_gates_GateMutex_Instance_finalize__E                 
00005fd1  ti_sysbios_heaps_HeapMem_Module_GateProxy_leave__E              
00005fe1  ti_sysbios_knl_Semaphore_Instance_finalize__E                   
00005ff1  ti_sysbios_knl_Swi_disable__E                                   
00006001  ti_sysbios_knl_Task_SupportProxy_swap__E                        
00006011  ti_sysbios_knl_Task_disable__E                                  
00006021  xdc_runtime_Gate_leaveSystem__E                                 
00006031  xdc_runtime_Memory_free__E                                      
00006041  xdc_runtime_SysCallback_abort__E                                
00006051  xdc_runtime_SysCallback_exit__E                                 
00006061  xdc_runtime_System_Module_GateProxy_leave__E                    
00006071  T32_Init1                                                       
0000607f  __TI_decompress_none                                            
00006091  pthread_attr_setdetachstate                                     
000060a1  ti_sysbios_knl_Idle_loop__E                                     
000060b1  ti_sysbios_knl_Queue_empty__E                                   
000060c1  T32_ClearInterruptFlag1                                         
000060cd  T32_EnableInterrupt1                                            
000060d9  T32_EnableTimer1                                                
000060e5  _register_lock                                                  
000060f1  _register_unlock                                                
000060fd  __TI_zero_init                                                  
00006109  pthread_self                                                    
00006115  ti_sysbios_BIOS_RtsGateProxy_enter__E                           
00006121  ti_sysbios_family_arm_m3_TaskSupport_getStackAlignment__E       
00006131  ti_sysbios_family_arm_msp432_Timer_getMaxTicks__E               
00006141  ti_sysbios_gates_GateHwi_enter__E                               
0000614d  ti_sysbios_heaps_HeapMem_Module_GateProxy_enter__E              
00006159  ti_sysbios_heaps_HeapMem_Module_GateProxy_query__E              
00006165  ti_sysbios_knl_Clock_TimerProxy_getMaxTicks__E                  
00006171  ti_sysbios_knl_Task_delete                                      
00006181  ti_sysbios_knl_Task_self__E                                     
00006191  ti_sysbios_rts_ti_ReentSupport_taskRegHook__I                   
000061a1  xdc_runtime_Gate_enterSystem__E                                 
000061b1  xdc_runtime_Startup_rtsDone__E                                  
000061bd  xdc_runtime_System_Module_GateProxy_enter__E                    
000061c9  xdc_runtime_System_SupportProxy_abort__E                        
000061d5  xdc_runtime_System_SupportProxy_exit__E                         
000061eb  HVAC_InicialiceUART                                             
000061f9  pthread_attr_setstacksize                                       
00006201  ti_sysbios_family_arm_m3_Hwi_Module__startupDone__S             
00006209  ti_sysbios_family_arm_m3_Hwi_doSwiRestore__I                    
00006211  ti_sysbios_family_arm_m3_Hwi_startup__E                         
00006219  ti_sysbios_family_arm_msp432_Timer_Module__startupDone__S       
00006221  ti_sysbios_hal_Hwi_HwiProxy_Module__startupDone__S              
00006229  ti_sysbios_hal_Hwi_HwiProxy_startup__E                          
00006229  ti_sysbios_hal_Hwi_startup__E                                   
00006231  ti_sysbios_hal_Hwi_HwiProxy_switchFromBootStack__E              
00006231  ti_sysbios_hal_Hwi_switchFromBootStack__E                       
00006239  ti_sysbios_knl_Clock_TimerProxy_Module__startupDone__S          
00006241  ti_sysbios_knl_Task_SupportProxy_Module__startupDone__S         
00006249  ti_sysbios_knl_Task_SupportProxy_getStackAlignment__E           
00006251  ti_sysbios_rts_ti_ReentSupport_getReent__E                      
00006259  xdc_runtime_Startup_reset__I                                    
00006261  ti_sysbios_family_arm_m3_Hwi_doTaskRestore__I                   
00006269  ti_sysbios_gates_GateHwi_leave__E                               
00006271  ti_sysbios_heaps_HeapMem_isBlocking__E                          
00006279  ti_sysbios_knl_Queue_Instance_init__E                           
00006281  ti_sysbios_knl_Swi_startup__E                                   
00006289  xdc_runtime_System_Module_startup__E                            
00006291  __aeabi_errno_addr                                              
00006299  ti_sysbios_gates_GateHwi_query__E                               
000062a1  ti_sysbios_gates_GateMutex_query__E                             
000062a9  ti_sysbios_knl_Task_startup__E                                  
000062b1  ti_sysbios_BIOS_linkedWithIncorrectBootLibrary__E               
000062b9  ti_sysbios_gates_GateHwi_Instance_init__E                       
000062c1  ti_sysbios_knl_Clock_logTick__E                                 
000062c9  xdc_runtime_SysCallback_defaultAbort                            
000062d1  xdc_runtime_SysCallback_defaultExit                             
000062d9  xdc_runtime_System_abortSpin__E                                 
000062e1  xdc_runtime_System_exitSpin__E                                  
000062e4  _ctypes_                                                        
000063e5  xdc_runtime_Error_policy__C                                     
000063e6  ti_sysbios_family_arm_msp432_init_Boot_bypassHFXT__C            
00006430  ti_sysbios_knl_Task_Object__PARAMS__C                           
0000649c  ti_sysbios_heaps_HeapMem_Module__FXNS__C                        
000064c4  ti_sysbios_gates_GateHwi_Module__FXNS__C                        
000064e8  ti_sysbios_gates_GateMutex_Module__FXNS__C                      
0000650c  ti_sysbios_heaps_HeapMem_Object__PARAMS__C                      
00006530  ti_sysbios_knl_Semaphore_Object__PARAMS__C                      
00006554  xdc_runtime_Startup_sfxnTab__A                                  
00006578  ti_sysbios_gates_GateHwi_Object__DESC__C                        
00006598  ti_sysbios_gates_GateMutex_Object__DESC__C                      
000065b8  ti_sysbios_heaps_HeapMem_Object__DESC__C                        
000065d8  ti_sysbios_knl_Queue_Object__DESC__C                            
000065f8  ti_sysbios_knl_Semaphore_Object__DESC__C                        
00006618  ti_sysbios_knl_Task_Object__DESC__C                             
00006638  ti_sysbios_gates_GateHwi_Object__PARAMS__C                      
00006650  ti_sysbios_gates_GateMutex_Object__PARAMS__C                    
00006668  ti_sysbios_knl_Queue_Object__PARAMS__C                          
00006680  ti_sysbios_knl_Task_hooks__A                                    
00006698  xdc_runtime_Startup_sfxnRts__A                                  
000066aa  ti_sysbios_family_arm_msp432_init_Boot_bypassLFXT__C            
000066ac  BRFX                                                            
000066b8  BRS                                                             
000066c4  BRX                                                             
000066d0  xdc_runtime_Startup_firstFxns__A                                
000066e4  ti_sysbios_knl_Idle_funcList__A                                 
000066ec  ti_sysbios_knl_Idle_funcList__C                                 
000066f4  ti_sysbios_knl_Task_hooks__C                                    
000066fc  xdc_runtime_Startup_firstFxns__C                                
00006704  xdc_runtime_Startup_lastFxns__C                                 
0000670c  ti_sysbios_family_arm_m3_Hwi_NUM_INTERRUPTS__C                  
00006710  ti_sysbios_family_arm_m3_Hwi_Object__count__C                   
00006714  ti_sysbios_family_arm_m3_Hwi_Object__table__C                   
00006718  ti_sysbios_family_arm_m3_Hwi_ccr__C                             
0000671c  ti_sysbios_family_arm_m3_Hwi_excHandlerFunc__C                  
00006720  ti_sysbios_family_arm_m3_Hwi_nullIsrFunc__C                     
00006724  ti_sysbios_family_arm_m3_Hwi_priGroup__C                        
00006728  ti_sysbios_family_arm_m3_TaskSupport_stackAlignment__C          
0000672c  ti_sysbios_family_arm_msp432_Timer_numTimerDevices__C           
00006730  ti_sysbios_family_arm_msp432_Timer_startupNeeded__C             
00006734  ti_sysbios_gates_GateMutex_Instance_State_sem__O                
00006738  ti_sysbios_heaps_HeapMem_E_memory__C                            
0000673c  ti_sysbios_heaps_HeapMem_Module__gateObj__C                     
00006740  ti_sysbios_heaps_HeapMem_Object__count__C                       
00006744  ti_sysbios_heaps_HeapMem_Object__table__C                       
00006748  ti_sysbios_heaps_HeapMem_primaryHeapBaseAddr__C                 
0000674c  ti_sysbios_heaps_HeapMem_primaryHeapEndAddr__C                  
00006750  ti_sysbios_heaps_HeapMem_reqAlign__C                            
00006754  ti_sysbios_knl_Clock_Module_State_clockQ__O                     
00006758  ti_sysbios_knl_Clock_tickPeriod__C                              
0000675c  ti_sysbios_knl_Mailbox_Instance_State_freeQue__O                
00006760  ti_sysbios_knl_Mailbox_Object__count__C                         
00006764  ti_sysbios_knl_Mailbox_maxTypeAlign__C                          
00006768  ti_sysbios_knl_Semaphore_Instance_State_pendQ__O                
0000676c  ti_sysbios_knl_Swi_Object__count__C                             
00006770  ti_sysbios_knl_Swi_Object__table__C                             
00006774  ti_sysbios_knl_Task_Module_State_inactiveQ__O                   
00006778  ti_sysbios_knl_Task_Object__count__C                            
0000677c  ti_sysbios_knl_Task_Object__heap__C                             
00006780  ti_sysbios_knl_Task_Object__table__C                            
00006784  ti_sysbios_knl_Task_allBlockedFunc__C                           
00006788  ti_sysbios_knl_Task_defaultStackHeap__C                         
0000678c  ti_sysbios_knl_Task_defaultStackSize__C                         
00006790  ti_sysbios_knl_Task_numConstructedTasks__C                      
00006794  xdc_runtime_Error_E_memory__C                                   
00006798  xdc_runtime_Error_policyFxn__C                                  
0000679c  xdc_runtime_IGateProvider_Interface__BASE__C                    
000067a0  xdc_runtime_IHeap_Interface__BASE__C                            
000067a4  xdc_runtime_IModule_Interface__BASE__C                          
000067a8  xdc_runtime_Memory_defaultHeapInstance__C                       
000067ac  xdc_runtime_Startup_execImpl__C                                 
000067b0  xdc_runtime_Startup_maxPasses__C                                
000067b4  xdc_runtime_Startup_sfxnRts__C                                  
000067b8  xdc_runtime_Startup_sfxnTab__C                                  
000067bc  xdc_runtime_Startup_startModsFxn__C                             
000067c0  xdc_runtime_SysCallback_abortFxn__C                             
000067c4  xdc_runtime_SysCallback_exitFxn__C                              
000067c8  xdc_runtime_System_Module__gateObj__C                           
000067cc  xdc_runtime_System_abortFxn__C                                  
000067d0  xdc_runtime_System_exitFxn__C                                   
000067d4  xdc_runtime_System_maxAtexitHandlers__C                         
000067d8  xdc_runtime_Text_nameUnknown__C                                 
000067dc  ti_sysbios_family_arm_msp432_init_Boot_enableHFXT__C            
000067de  ti_sysbios_family_arm_msp432_init_Boot_enableLFXT__C            
000067e0  ti_sysbios_heaps_HeapMem_Module__id__C                          
000067e2  xdc_runtime_Memory_Module__id__C                                
000067e8  __TI_static_base__                                              
00006990  __TI_Handler_Table_Base                                         
0000699c  __TI_Handler_Table_Limit                                        
000069b0  __TI_CINIT_Base                                                 
000069c8  __TI_CINIT_Limit                                                
20000000  __start___llvm_prf_cnts                                         
20000000  __stop___llvm_prf_cnts                                          
20000000  ti_sysbios_family_arm_m3_Hwi_ramVectors                         
200001c8  ti_sysbios_knl_Swi_Module_State_0_readyQ__A                     
20000248  ti_sysbios_knl_Task_Module_State_0_readyQ__A                    
200002c8  ti_sysbios_gates_GateMutex_Object__table__V                     
2000031c  ti_sysbios_knl_Task_Object__table__V                            
20000368  ti_sysbios_family_arm_msp432_Timer_Object__table__V             
200003ac  ti_sysbios_knl_Task_Module__state__V                            
200003f0  ti_sysbios_family_arm_m3_Hwi_Module__state__V                   
20000424  ti_sysbios_knl_Swi_Object__table__V                             
20000454  ti_sysbios_knl_Clock_Module__state__V                           
20000480  ti_sysbios_BIOS_Module__state__V                                
200004a4  ti_sysbios_family_arm_msp432_Timer_Module_State_0_device__A     
200004c4  xdc_runtime_Error_IgnoreBlock                                   
200004e4  ti_sysbios_knl_Swi_Module__state__V                             
20000500  ti_sysbios_family_arm_m3_Hwi_Object__table__V                   
20000518  ti_sysbios_heaps_HeapMem_Object__table__V                       
20000530  ti_sysbios_family_arm_msp432_Timer_Module_State_0_handles__A    
20000540  ti_sysbios_family_arm_msp432_Timer_Module__state__V             
2000054c  _lock                                                           
20000550  _unlock                                                         
20000554  ti_sysbios_gates_GateHwi_Module__root__V                        
2000055c  ti_sysbios_gates_GateMutex_Module__root__V                      
20000564  ti_sysbios_heaps_HeapMem_Module__root__V                        
2000056c  ti_sysbios_knl_Queue_Module__root__V                            
20000574  ti_sysbios_knl_Semaphore_Module__root__V                        
2000057c  ti_sysbios_knl_Task_Module__root__V                             
20000584  xdc_runtime_Startup_Module__state__V                            
2000058c  xdc_runtime_System_Module_State_0_atexitHandlers__A             
20000594  xdc_runtime_System_Module__state__V                             
2000059c  toggle                                                          
2000059d  Enc_Apg_Push                                                    
2000059e  Menu_Push                                                       
2000059f  UP_DOWN_Push                                                    
200005a1  retraso                                                         
200005a2  ti_sysbios_family_arm_m3_Hwi_Module_State_0_excActive__A        
200005a4  main_func_sp                                                    
200005a8  ti_sysbios_family_arm_m3_Hwi_Module_State_0_excContext__A       
200005ac  ti_sysbios_family_arm_m3_Hwi_Module_State_0_excStack__A         
200005b0  ti_sysbios_gates_GateHwi_Object__table__V                       
200005b4  ti_sysbios_knl_Task_Module_State_0_idleTask__A                  
200005b8  ti_sysbios_rts_ti_ReentSupport_Module__state__V                 
200005bc  xdc_runtime_Memory_Module__state__V                             
200005c0  ti_sysbios_knl_Task_Instance_State_0_stack__A                   
200007c0  ti_sysbios_family_arm_m3_Hwi_dispatchTable                      
20000900  state                                                           
20000940  pot                                                             
2000094c  contadorApg                                                     
20000950  ti_sysbios_knl_Task_Instance_State_0_hookEnv__A                 
20000954  Enc_Apg                                                         
20000955  Persiana1                                                       
20000956  Persiana2                                                       
20000957  SecuenciaLED                                                    
20000958  Select_Menu                                                     
20001000  g_pfnRAMVectoring                                               
200010e8  __primary_heap_start__                                          
200050e8  __primary_heap_end__                                            
2000fc00  __stack                                                         
20010000  __STACK_END                                                     
4000480c  WDTCTL_SYM                                                      
e000e000  ti_sysbios_family_arm_m3_Hwi_nvic                               
ffffffff  __TI_pprof_out_hndl                                             
ffffffff  __TI_prof_data_size                                             
ffffffff  __TI_prof_data_start                                            
ffffffff  __binit__                                                       
ffffffff  __c_args__                                                      
ffffffff  binit                                                           
UNDEFED   SHT$$INIT_ARRAY$$Base                                           
UNDEFED   SHT$$INIT_ARRAY$$Limit                                          

[496 symbols]
